POST https://tryswift.com/location-upload
Content-Type: application/json

{
  "0" : {
    "lat" : "0.0",
    "long" : "0.0"
  },
  "1" : {
    "lat" : "1.0",
    "long" : "1.0"
  }
}